
> gst-invoice-checker@0.1.0 build
> next build

Γû▓ Next.js 16.1.6 (Turbopack)
- Environments: .env.local

node.exe : ΓÜá The 
"middleware" file 
convention is 
deprecated. Please 
use "proxy" instead. 
Learn more: https://n
extjs.org/docs/messag
es/middleware-to-prox
y
At line:1 char:1
+ & "D:\/node.exe" "D
:\/node_modules/npm/b
in/npm-cli.js" run 
build
+ ~~~~~~~~~~~~~~~~~~~
~~~~~~~~~~~~~~~~~~~~~
~~~~~~~~~~~~~~~~~~~~~
~~~
    + CategoryInfo   
           : NotSpe  
  cified: (ΓÜá The   
  "middle...lewar    
e-to-proxy:Strin    
g) [], RemoteExc    
eption
    + FullyQualified 
   ErrorId : Native  
  CommandError
 
  Creating an optimized production build ...

> Build error 
occurred
Error: Turbopack 
build failed with 6 
errors:
./app/check/page.tsx:
1:28
Ecmascript file had 
an error
[0m[31m[1m>[22m[
39m[90m 1 |[39m 
[36mimport[39m { 
useState[33m,[39m 
useRef[33m,[39m 
useEffect } 
[36mfrom[39m [32m'
react'[39m[33m;[39
m
 [90m   |[39m      
                     
 [31m[1m^[22m[39m
[31m[1m^[22m[39m
[31m[1m^[22m[39m[
31m[1m^[22m[39m[3
1m[1m^[22m[39m[31
m[1m^[22m[39m[31m
[1m^[22m[39m[31m
[1m^[22m[39m[31m[
1m^[22m[39m
 [90m 2 |[39m 
[36mimport[39m { 
useRouter } 
[36mfrom[39m [32m'
next/navigation'[39m
[33m;[39m
 [90m 3 |[39m 
[36mimport[39m { [
33mArrowLeft[39m[33
m,[39m [33mUpload[
39m[33m,[39m [33mX
[39m[33m,[39m [33
mZoomIn[39m[33m,[3
9m 
[33mFileImage[39m 
} [36mfrom[39m [32
m'lucide-react'[39m
[33m;[39m
 [90m 4 |[39m 
[36mimport[39m [33
mInvoiceForm[39m 
[36mfrom[39m [32m'
@/components/InvoiceF
orm'[39m[33m;[39m
[0m

You're importing a 
component that needs 
`useEffect`. This 
React Hook only 
works in a Client 
Component. To fix, 
mark the file (or 
its parent) with the 
`"use client"` 
directive.

 Learn more: https://
nextjs.org/docs/app/a
pi-reference/directiv
es/use-client




./app/check/page.tsx:
1:20
Ecmascript file had 
an error
[0m[31m[1m>[22m[
39m[90m 1 |[39m 
[36mimport[39m { 
useState[33m,[39m 
useRef[33m,[39m 
useEffect } 
[36mfrom[39m [32m'
react'[39m[33m;[39
m
 [90m   |[39m      
              [31m[
1m^[22m[39m[31m[1
m^[22m[39m[31m[1m
^[22m[39m[31m[1m^
[22m[39m[31m[1m^
[22m[39m[31m[1m^[
22m[39m
 [90m 2 |[39m 
[36mimport[39m { 
useRouter } 
[36mfrom[39m [32m'
next/navigation'[39m
[33m;[39m
 [90m 3 |[39m 
[36mimport[39m { [
33mArrowLeft[39m[33
m,[39m [33mUpload[
39m[33m,[39m [33mX
[39m[33m,[39m [33
mZoomIn[39m[33m,[3
9m 
[33mFileImage[39m 
} [36mfrom[39m [32
m'lucide-react'[39m
[33m;[39m
 [90m 4 |[39m 
[36mimport[39m [33
mInvoiceForm[39m 
[36mfrom[39m [32m'
@/components/InvoiceF
orm'[39m[33m;[39m
[0m

You're importing a 
component that needs 
`useRef`. This React 
Hook only works in a 
Client Component. To 
fix, mark the file 
(or its parent) with 
the `"use client"` 
directive.

 Learn more: https://
nextjs.org/docs/app/a
pi-reference/directiv
es/use-client




./app/check/page.tsx:
2:10
Ecmascript file had 
an error
[0m [90m 1 |[39m 
[36mimport[39m { 
useState[33m,[39m 
useRef[33m,[39m 
useEffect } 
[36mfrom[39m [32m'
react'[39m[33m;[39
m
[31m[1m>[22m[39m
[90m 2 |[39m 
[36mimport[39m { 
useRouter } 
[36mfrom[39m [32m'
next/navigation'[39m
[33m;[39m
 [90m   |[39m      
    [31m[1m^[22m[
39m[31m[1m^[22m[3
9m[31m[1m^[22m[39
m[31m[1m^[22m[39m
[31m[1m^[22m[39m
[31m[1m^[22m[39m[
31m[1m^[22m[39m[3
1m[1m^[22m[39m[31
m[1m^[22m[39m
 [90m 3 |[39m 
[36mimport[39m { [
33mArrowLeft[39m[33
m,[39m [33mUpload[
39m[33m,[39m [33mX
[39m[33m,[39m [33
mZoomIn[39m[33m,[3
9m 
[33mFileImage[39m 
} [36mfrom[39m [32
m'lucide-react'[39m
[33m;[39m
 [90m 4 |[39m 
[36mimport[39m [33
mInvoiceForm[39m 
[36mfrom[39m [32m'
@/components/InvoiceF
orm'[39m[33m;[39m
 [90m 5 |[39m 
[36mimport[39m [33
mReportViewer[39m 
[36mfrom[39m [32m'
@/components/ReportVi
ewer'[39m[33m;[39m
[0m

You're importing a 
component that needs 
`useRouter`. This 
React Hook only 
works in a Client 
Component. To fix, 
mark the file (or 
its parent) with the 
`"use client"` 
directive.

 Learn more: https://
nextjs.org/docs/app/a
pi-reference/directiv
es/use-client




./app/check/page.tsx:
1:10
Ecmascript file had 
an error
[0m[31m[1m>[22m[
39m[90m 1 |[39m 
[36mimport[39m { 
useState[33m,[39m 
useRef[33m,[39m 
useEffect } 
[36mfrom[39m [32m'
react'[39m[33m;[39
m
 [90m   |[39m      
    [31m[1m^[22m[
39m[31m[1m^[22m[3
9m[31m[1m^[22m[39
m[31m[1m^[22m[39m
[31m[1m^[22m[39m
[31m[1m^[22m[39m[
31m[1m^[22m[39m[3
1m[1m^[22m[39m
 [90m 2 |[39m 
[36mimport[39m { 
useRouter } 
[36mfrom[39m [32m'
next/navigation'[39m
[33m;[39m
 [90m 3 |[39m 
[36mimport[39m { [
33mArrowLeft[39m[33
m,[39m [33mUpload[
39m[33m,[39m [33mX
[39m[33m,[39m [33
mZoomIn[39m[33m,[3
9m 
[33mFileImage[39m 
} [36mfrom[39m [32
m'lucide-react'[39m
[33m;[39m
 [90m 4 |[39m 
[36mimport[39m [33
mInvoiceForm[39m 
[36mfrom[39m [32m'
@/components/InvoiceF
orm'[39m[33m;[39m
[0m

You're importing a 
component that needs 
`useState`. This 
React Hook only 
works in a Client 
Component. To fix, 
mark the file (or 
its parent) with the 
`"use client"` 
directive.

 Learn more: https://
nextjs.org/docs/app/a
pi-reference/directiv
es/use-client




./components/Processi
ngView.tsx:1:20
Ecmascript file had 
an error
[0m[31m[1m>[22m[
39m[90m 1 |[39m 
[36mimport[39m { 
useState[33m,[39m 
useEffect } 
[36mfrom[39m [32m'
react'[39m[33m;[39
m
 [90m   |[39m      
              [31m[
1m^[22m[39m[31m[1
m^[22m[39m[31m[1m
^[22m[39m[31m[1m^
[22m[39m[31m[1m^
[22m[39m[31m[1m^[
22m[39m[31m[1m^[2
2m[39m[31m[1m^[22
m[39m[31m[1m^[22m
[39m
 [90m 2 |[39m 
[36mimport[39m { [
33mLoader2[39m[33m,
[39m [33mCheckCircl
e2[39m } 
[36mfrom[39m [32m'
lucide-react'[39m[3
3m;[39m
 [90m 3 |[39m 
[36mimport[39m { 
[33mProgress[39m } 
[36mfrom[39m [32m'
@/components/ui/progr
ess'[39m[33m;[39m
 [90m 4 |[39m[0m

You're importing a 
component that needs 
`useEffect`. This 
React Hook only 
works in a Client 
Component. To fix, 
mark the file (or 
its parent) with the 
`"use client"` 
directive.

 Learn more: https://
nextjs.org/docs/app/a
pi-reference/directiv
es/use-client



Import trace:
  Server Component:
    ./components/Proc
essingView.tsx
    
./app/check/page.tsx


./components/Processi
ngView.tsx:1:10
Ecmascript file had 
an error
[0m[31m[1m>[22m[
39m[90m 1 |[39m 
[36mimport[39m { 
useState[33m,[39m 
useEffect } 
[36mfrom[39m [32m'
react'[39m[33m;[39
m
 [90m   |[39m      
    [31m[1m^[22m[
39m[31m[1m^[22m[3
9m[31m[1m^[22m[39
m[31m[1m^[22m[39m
[31m[1m^[22m[39m
[31m[1m^[22m[39m[
31m[1m^[22m[39m[3
1m[1m^[22m[39m
 [90m 2 |[39m 
[36mimport[39m { [
33mLoader2[39m[33m,
[39m [33mCheckCircl
e2[39m } 
[36mfrom[39m [32m'
lucide-react'[39m[3
3m;[39m
 [90m 3 |[39m 
[36mimport[39m { 
[33mProgress[39m } 
[36mfrom[39m [32m'
@/components/ui/progr
ess'[39m[33m;[39m
 [90m 4 |[39m[0m

You're importing a 
component that needs 
`useState`. This 
React Hook only 
works in a Client 
Component. To fix, 
mark the file (or 
its parent) with the 
`"use client"` 
directive.

 Learn more: https://
nextjs.org/docs/app/a
pi-reference/directiv
es/use-client



Import trace:
  Server Component:
    ./components/Proc
essingView.tsx
    
./app/check/page.tsx


    at <unknown> (./a
pp/check/page.tsx:1:2
8)
    at <unknown> (./a
pp/check/page.tsx:1:2
0)
    at <unknown> (./a
pp/check/page.tsx:2:1
0)
    at <unknown> (./a
pp/check/page.tsx:1:1
0)
    at <unknown> (./c
omponents/ProcessingV
iew.tsx:1:20)
    at <unknown> (./c
omponents/ProcessingV
iew.tsx:1:10)
